2023-10-26 14:07:21,025 [INFO    ] validating CSV file and Airtable Schema
2023-10-26 14:07:21,028 [INFO    ] Uploading new_data.csv ...
2023-10-26 14:07:22,116 [INFO    ] Done!
